// Jest Snapshot v1, https://goo.gl/fbAQLP

exports[`Search renders correctly 1`] = `
.c0 {
  display: -webkit-box;
  display: -webkit-flex;
  display: -ms-flexbox;
  display: flex;
  -webkit-align-items: center;
  -webkit-box-align: center;
  -ms-flex-align: center;
  align-items: center;
  -webkit-box-pack: start;
  -webkit-justify-content: flex-start;
  -ms-flex-pack: start;
  justify-content: flex-start;
  -webkit-flex: 0 0 auto;
  -ms-flex: 0 0 auto;
  flex: 0 0 auto;
  margin-right: 0.5555555555555556rem;
}

.c3 {
  background: none;
  outline: none;
  border: none;
  -webkit-flex: 0 0 auto;
  -ms-flex: 0 0 auto;
  flex: 0 0 auto;
  width: 7.222222222222222rem;
  padding: 0 0.2777777777777778rem;
  line-height: 1.6666666666666667rem;
  font-size: 0.8333333333333334rem;
  color: currentColor;
  -webkit-transition: background 100ms ease-in;
  transition: background 100ms ease-in;
}

.c3::-webkit-input-placeholder {
  color: currentColor;
  opacity: 0.5;
}

.c3::-moz-placeholder {
  color: currentColor;
  opacity: 0.5;
}

.c3:-ms-input-placeholder {
  color: currentColor;
  opacity: 0.5;
}

.c3::placeholder {
  color: currentColor;
  opacity: 0.5;
}

.c3:focus {
  background: rgba(0,0,0,0.07);
  border-radius: 3px;
}

.c1 {
  text-indent: -99999px;
}

.c1 span {
  position: absolute;
}

.c2 {
  width: 0.8888888888888888rem;
  height: 0.9444444444444444rem;
  margin-right: 0.2777777777777778rem;
  display: block;
}

.c2 path {
  fill: currentColor;
}

<form
  className="c0"
>
  <label
    className="c1"
    htmlFor="docs-search-input"
  >
    <span>
      Search
    </span>
    <svg
      className="c2"
      height="16"
      width="15"
    >
      <title>
        search
      </title>
      <use
        fill="#FFF"
        xlinkHref="#search-icon"
      />
      <defs>
        <path
          d="M14.772 14.573l-3.698-3.96c.95-1.164 1.472-2.628 1.472-4.153C12.546 2.898 9.732 0 6.273 0 2.813 0 0 2.898 0 6.46s2.814 6.46 6.273 6.46c1.298 0 2.536-.403 3.594-1.17l3.726 3.992c.155.166.365.258.59.258.212 0 .413-.083.566-.235.32-.322.33-.857.02-1.192zm-8.5-12.888c2.558 0 4.637 2.142 4.637 4.775 0 2.633-2.08 4.775-4.64 4.775-2.56 0-4.64-2.142-4.64-4.775 0-2.633 2.08-4.775 4.637-4.775z"
          id="search-icon"
        />
      </defs>
    </svg>
  </label>
  <input
    className="c3"
    id="docs-search-input"
    placeholder="Search ..."
  />
</form>
`;
